{"/home/mcarter/projects/smack-project/smack/install/include/smack/smack.h": [[40, 26], [41, 3], [42, 1], [44, 26], [45, 3], [46, 1], [57, 3], [58, 3], [59, 3]], "for.c": [[6, 22], [6, 27]]}
